char: impossible
double: -340282346638528859811704183484516925440.0
float: -340282346638528859811704183484516925440.0f
int: impossible
