char: non displayable
double: 0.3
float: 0.3f
int: 0
