char: non displayable
double: -0.0
float: -0.0f
int: 0
