char: non displayable
double: 5.0
float: 5.0f
int: 5
