char: non displayable
double: 2.0
float: 2.0f
int: 2
