char: impossible
double: inf
float: inff
int: impossible
