char: non displayable
double: 0.4
float: 0.4f
int: 0
